// Vitest Snapshot v1, https://vitest.dev/guide/snapshot.html

exports[`renders the component with customers table 1`] = `
<div
  _nghost-a-c4255509664=""
>
  <div
    _ngcontent-a-c4255509664=""
    class="customers-overview"
  >
    <div
      _ngcontent-a-c4255509664=""
      class="page-header"
    >
      <h1
        _ngcontent-a-c4255509664=""
        class="page-title"
      >
        Customers
      </h1>
    </div>
    <div
      _ngcontent-a-c4255509664=""
      class="content-layout"
    >
      <div
        _ngcontent-a-c4255509664=""
        class="customers-section"
      >
        <sandbox-customers-list
          _ngcontent-a-c4255509664=""
          _nghost-a-c79407822=""
        >
          <sandbox-table
            _ngcontent-a-c79407822=""
            _nghost-a-c2582154357=""
            class="customers-table"
          >
            <div
              _ngcontent-a-c2582154357=""
              class="table-container"
            >
              <!--container-->
              <table
                _ngcontent-a-c2582154357=""
                class="data-table"
              >
                <thead
                  _ngcontent-a-c2582154357=""
                >
                  <tr
                    _ngcontent-a-c2582154357=""
                  >
                    <th
                      _ngcontent-a-c2582154357=""
                      class="refresh-column"
                    >
                      <button
                        _ngcontent-a-c2582154357=""
                        class="refresh-button"
                        title="Refresh data"
                        type="button"
                      >
                        <svg
                          _ngcontent-a-c2582154357=""
                          fill="none"
                          height="16"
                          stroke="currentColor"
                          stroke-linecap="round"
                          stroke-linejoin="round"
                          stroke-width="2"
                          viewBox="0 0 24 24"
                          width="16"
                          xmlns="http://www.w3.org/2000/svg"
                        >
                          <path
                            _ngcontent-a-c2582154357=""
                            d="M21.5 2v6h-6M2.5 22v-6h6M2 11.5a10 10 0 0 1 18.8-4.3M22 12.5a10 10 0 0 1-18.8 4.2"
                          />
                        </svg>
                      </button>
                    </th>
                    <th
                      _ngcontent-a-c79407822=""
                    >
                      Name
                    </th>
                    <th
                      _ngcontent-a-c79407822=""
                      class="actions-column"
                    />
                    <!--container-->
                  </tr>
                </thead>
                <!--container-->
                <tbody
                  _ngcontent-a-c2582154357=""
                >
                  <tr
                    _ngcontent-a-c2582154357=""
                  >
                    <td
                      _ngcontent-a-c2582154357=""
                      class="empty-cell"
                    />
                    <td
                      _ngcontent-a-c79407822=""
                      class="customer-name"
                    >
                      <span
                        _ngcontent-a-c79407822=""
                        class="name-text"
                      >
                        John Doe
                      </span>
                    </td>
                    <td
                      _ngcontent-a-c79407822=""
                      class="actions-cell"
                    >
                      <a
                        _ngcontent-a-c79407822=""
                        class="view-details-link"
                        href="/a8574564-ef6f-42da-9393-67d7e466e8c8"
                      >
                        <span
                          _ngcontent-a-c79407822=""
                        >
                          View Details
                        </span>
                        <svg
                          _ngcontent-a-c79407822=""
                          fill="none"
                          height="16"
                          stroke="currentColor"
                          stroke-linecap="round"
                          stroke-linejoin="round"
                          stroke-width="2"
                          viewBox="0 0 24 24"
                          width="16"
                          xmlns="http://www.w3.org/2000/svg"
                        >
                          <path
                            _ngcontent-a-c79407822=""
                            d="M5 12h14M12 5l7 7-7 7"
                          />
                        </svg>
                      </a>
                    </td>
                    <!--container-->
                  </tr>
                  <tr
                    _ngcontent-a-c2582154357=""
                  >
                    <td
                      _ngcontent-a-c2582154357=""
                      class="empty-cell"
                    />
                    <td
                      _ngcontent-a-c79407822=""
                      class="customer-name"
                    >
                      <span
                        _ngcontent-a-c79407822=""
                        class="name-text"
                      >
                        Jane Smith
                      </span>
                    </td>
                    <td
                      _ngcontent-a-c79407822=""
                      class="actions-cell"
                    >
                      <a
                        _ngcontent-a-c79407822=""
                        class="view-details-link"
                        href="/d654bad5-19e1-4728-b019-37d30358524f"
                      >
                        <span
                          _ngcontent-a-c79407822=""
                        >
                          View Details
                        </span>
                        <svg
                          _ngcontent-a-c79407822=""
                          fill="none"
                          height="16"
                          stroke="currentColor"
                          stroke-linecap="round"
                          stroke-linejoin="round"
                          stroke-width="2"
                          viewBox="0 0 24 24"
                          width="16"
                          xmlns="http://www.w3.org/2000/svg"
                        >
                          <path
                            _ngcontent-a-c79407822=""
                            d="M5 12h14M12 5l7 7-7 7"
                          />
                        </svg>
                      </a>
                    </td>
                    <!--container-->
                  </tr>
                  <!--container-->
                  <!--container-->
                  <!--container-->
                  <!--container-->
                  <!--container-->
                </tbody>
                <!--container-->
              </table>
            </div>
          </sandbox-table>
        </sandbox-customers-list>
      </div>
      <div
        _ngcontent-a-c4255509664=""
        class="form-section"
      >
        <sandbox-customer-form
          _ngcontent-a-c4255509664=""
          _nghost-a-c4170786670=""
        >
          <form
            _ngcontent-a-c4170786670=""
            class="customer-form"
            novalidate=""
          >
            <div
              _ngcontent-a-c4170786670=""
              class="form-card"
            >
              <h2
                _ngcontent-a-c4170786670=""
                class="form-title"
              >
                Create Customer
              </h2>
              <!--container-->
              <!--container-->
              <fieldset
                _ngcontent-a-c4170786670=""
                class="form-fieldset"
              >
                <legend
                  _ngcontent-a-c4170786670=""
                >
                  Customer Information
                </legend>
                <div
                  _ngcontent-a-c4170786670=""
                  class="form-row"
                >
                  <div
                    _ngcontent-a-c4170786670=""
                    class="form-group"
                  >
                    <label
                      _ngcontent-a-c4170786670=""
                      for="a.form0.firstName"
                    >
                      First Name
                    </label>
                    <input
                      _ngcontent-a-c4170786670=""
                      aria-describedby="error-a.form0.firstName"
                      aria-invalid="true"
                      id="a.form0.firstName"
                      maxlength="255"
                      name="a.form0.firstName"
                      required=""
                      type="text"
                    />
                    <form-validation-field-errors
                      _nghost-a-c71381843=""
                    >
                      <div
                        _ngcontent-a-c71381843=""
                        hidden=""
                        id="error-a.form0.firstName"
                      >
                         Field is required 
                        <!--container-->
                      </div>
                    </form-validation-field-errors>
                    <!--container-->
                  </div>
                  <div
                    _ngcontent-a-c4170786670=""
                    class="form-group"
                  >
                    <label
                      _ngcontent-a-c4170786670=""
                      for="a.form0.lastName"
                    >
                      Last Name
                    </label>
                    <input
                      _ngcontent-a-c4170786670=""
                      aria-describedby="error-a.form0.lastName"
                      aria-invalid="true"
                      id="a.form0.lastName"
                      maxlength="255"
                      name="a.form0.lastName"
                      required=""
                      type="text"
                    />
                    <form-validation-field-errors
                      _nghost-a-c71381843=""
                    >
                      <div
                        _ngcontent-a-c71381843=""
                        hidden=""
                        id="error-a.form0.lastName"
                      >
                         Field is required 
                        <!--container-->
                      </div>
                    </form-validation-field-errors>
                    <!--container-->
                  </div>
                </div>
              </fieldset>
              <div
                _ngcontent-a-c4170786670=""
                class="checkbox-group"
              >
                <input
                  _ngcontent-a-c4170786670=""
                  id="hasBillingAddress"
                  name="a.form0.hasBillingAddress"
                  type="checkbox"
                />
                <form-validation-field-errors
                  _nghost-a-c71381843=""
                >
                  <div
                    _ngcontent-a-c71381843=""
                    hidden=""
                    id="error-a.form0.hasBillingAddress"
                  >
                    <!--container-->
                  </div>
                </form-validation-field-errors>
                <!--container-->
                <label
                  _ngcontent-a-c4170786670=""
                  class="checkbox-label"
                  for="hasBillingAddress"
                >
                  Add Billing Address
                </label>
              </div>
              <!--container-->
              <div
                _ngcontent-a-c4170786670=""
                class="checkbox-group"
              >
                <input
                  _ngcontent-a-c4170786670=""
                  id="hasShippingAddress"
                  name="a.form0.hasShippingAddress"
                  type="checkbox"
                />
                <form-validation-field-errors
                  _nghost-a-c71381843=""
                >
                  <div
                    _ngcontent-a-c71381843=""
                    hidden=""
                    id="error-a.form0.hasShippingAddress"
                  >
                    <!--container-->
                  </div>
                </form-validation-field-errors>
                <!--container-->
                <label
                  _ngcontent-a-c4170786670=""
                  class="checkbox-label"
                  for="hasShippingAddress"
                >
                  Add Shipping Address
                </label>
              </div>
              <!--container-->
              <div
                _ngcontent-a-c4170786670=""
                class="form-actions"
              >
                <button
                  _ngcontent-a-c4170786670=""
                  class="submit-button"
                  type="submit"
                >
                  <!--container-->
                  <svg
                    _ngcontent-a-c4170786670=""
                    fill="none"
                    height="18"
                    stroke="currentColor"
                    stroke-linecap="round"
                    stroke-linejoin="round"
                    stroke-width="2"
                    viewBox="0 0 24 24"
                    width="18"
                    xmlns="http://www.w3.org/2000/svg"
                  >
                    <path
                      _ngcontent-a-c4170786670=""
                      d="M16 21v-2a4 4 0 0 0-4-4H6a4 4 0 0 0-4 4v2"
                    />
                    <circle
                      _ngcontent-a-c4170786670=""
                      cx="9"
                      cy="7"
                      r="4"
                    />
                    <line
                      _ngcontent-a-c4170786670=""
                      x1="19"
                      x2="19"
                      y1="8"
                      y2="14"
                    />
                    <line
                      _ngcontent-a-c4170786670=""
                      x1="22"
                      x2="16"
                      y1="11"
                      y2="11"
                    />
                  </svg>
                  <span
                    _ngcontent-a-c4170786670=""
                  >
                    Create Customer
                  </span>
                  <!--container-->
                </button>
              </div>
            </div>
          </form>
        </sandbox-customer-form>
      </div>
    </div>
  </div>
</div>
`;
